[pontodobicho.com/index.html]
[backblue.gif]
[fade.gif]
[index.html]
[pontodobicho.com/banners/paginas/BG_cotacao_mobile.webp]
[pontodobicho.com/banners/paginas/BG_jogo_do_bicho_mobile.webp]
[pontodobicho.com/banners/paginas/BG_resultados_mobile.webp]
[pontodobicho.com/banners/paginas/BG_cotaçao.webp]
[pontodobicho.com/banners/paginas/BG_jogo_do_bicho.webp]
[pontodobicho.com/banners/paginas/BG_resultados_desktop.webp]
[pontodobicho.com/_fonts/xMQbuFFYT72XzQspDqW1KX7wmA-e3IvV1C7QG.woff2]
[pontodobicho.com/_fonts/xMQbuFFYT72XzQUpDqW1KX4-OT04E3g1eO.woff2]
[pontodobicho.com/_fonts/xMQOuFFYT72X5wkB_18qmnndmSdSn3-J-VVZyvR75OF.woff]
[pontodobicho.com/_fonts/xMQOuFFYT72X5wkB_18qmnndmSfSnn-J-Q3TMYXDBJY.woff]
[pontodobicho.com/_fonts/xMQOuFFYT72X5wkB_18qmnndmScMnn-J-UkRXPpeX5Z.woff]
[pontodobicho.com/_fonts/xMQOuFFYT72X5wkB_18qmnndmSdSnn-J-Vq1ibuGSdi.woff]
[pontodobicho.com/_fonts/xMQOuFFYT72X5wkB_18qmnndmSdgnn-J-qQNJWtlimK.woff]
[pontodobicho.com/_fonts/xMQOuFFYT72X5wkB_18qmnndmSeMmX-J-ElzcakGifz.woff]
[pontodobicho.com/_fonts/xMQOuFFYT72X5wkB_18qmnndmSe1mX-J-OXLkaGTF3l.woff]
[pontodobicho.com/_fonts/xMQOuFFYT72X5wkB_18qmnndmSfSmX-J-Ap03BkHrSE.woff]
[pontodobicho.com/invite-and-win-image.webp]
[pontodobicho.com/_nuxt/entry.CuVTl20E.css]
[pontodobicho.com/_nuxt/swiper-vue.DCASaf05.css]
[pontodobicho.com/_nuxt/default.DbhWmUC3.css]
[pontodobicho.com/_nuxt/swiper-pagination.CWXTi6Zo.css]
[pontodobicho.com/_nuxt/index.9Mz9ZBvI.css]
[pontodobicho.com/_ipx/s_192x192/stories/aposte-com-segurança.webp]
[pontodobicho.com/_ipx/s_192x192/stories/aposte-agora.webp]
[pontodobicho.com/_ipx/s_192x192/stories/eles-apostam-e-faturam.webp]
[pontodobicho.com/_ipx/s_192x192/stories/fezinha-hoje.webp]
[pontodobicho.com/_ipx/s_722x140/logo_escura.webp]
[pontodobicho.com/_ipx/s_400x80/logo_branca.webp]
[pontodobicho.com/_nuxt/a3x-3kU3.js]
[pontodobicho.com/_nuxt/DSZiQSDz.js]
[pontodobicho.com/_nuxt/BCvXEaqd.js]
[pontodobicho.com/_nuxt/1SZqF1Nt.js]
[pontodobicho.com/_nuxt/K8qTsRqF.js]
[pontodobicho.com/_nuxt/moYwb3dK.js]
[pontodobicho.com/_nuxt/Bd2QKyF9.js]
[pontodobicho.com/_nuxt/DoOsWbsk.js]
[pontodobicho.com/_nuxt/BKRArTea.js]
[pontodobicho.com/_nuxt/Cd6k-rI7.js]
[pontodobicho.com/_nuxt/ak-6Sr7X.js]
[pontodobicho.com/_nuxt/DnYwuw7z.js]
[pontodobicho.com/_nuxt/DHDsuqR1.js]
[pontodobicho.com/_nuxt/CIOLOO3y.js]
[pontodobicho.com/_nuxt/CY_NqDWU.js]
[pontodobicho.com/_nuxt/B-ZkRZSR.js]
[pontodobicho.com/_nuxt/BxZJWESW.js]
[pontodobicho.com/_nuxt/CtCjIXKm.js]
[pontodobicho.com/_nuxt/DaYL4gH5.js]
[pontodobicho.com/_nuxt/A1Kx0V6A.js]
[pontodobicho.com/_nuxt/BId2YHVf.js]
[pontodobicho.com/_nuxt/CyHGR-8K.js]
[pontodobicho.com/_nuxt/v88PbwPr.js]
[pontodobicho.com/_nuxt/x_rD_Ya3.js]
[pontodobicho.com/_nuxt/gxLnxU6K.js]
[pontodobicho.com/_nuxt/CgIjpNQF.js]
[pontodobicho.com/_nuxt/TWlqzfxS.js]
[pontodobicho.com/_nuxt/Bh42oqGe.js]
[pontodobicho.com/_nuxt/BPM4R_90.js]
[www.google.com/recaptcha/api.js]
[www.google.com/recaptcha/apica09.js]
[cdn.onesignal.com/sdks/web/v16/OneSignalSDK.page.js]
[pontodobicho.com/_nuxt/DTxv5CU4.js]
[pontodobicho.com/_nuxt/F2R7qFDd.js]
[pontodobicho.com/_nuxt/CCozxO8i.js]
[pontodobicho.com/_nuxt/CsT8lAmw.js]
[pontodobicho.com/_nuxt/CmqeUVdb.js]
[pontodobicho.com/_nuxt/DfDE1rFP.js]
[pontodobicho.com/_nuxt/stamp.Cf_vXUL_.webp]
[pontodobicho.com/apple-touch-icon.png]
[pontodobicho.com/favicon-32x32.png]
[pontodobicho.com/favicon-16x16.png]
[pontodobicho.com/site.webmanifest]
[pontodobicho.com/_nuxt/builds/meta/459fe803-7cb7-472e-b112-2233392cafb7.json]
[pontodobicho.com/jogo-do-bicho.html]
[pontodobicho.com/jogo-do-bicho/resultados.html]
[pontodobicho.com/jogo-do-bicho/cotacao.html]
[pontodobicho.com/entrar.html]
[pontodobicho.com/registrar.html]
[pontodobicho.com/entrare7cb.html]
[pontodobicho.com/entrar52d9.html]
[pontodobicho.com/suporte.html]
[pontodobicho.com/termos-de-uso.html]
[pontodobicho.com/politica-de-privacidade.html]
[pontodobicho.com/_ipx/s_200x200/logo-pix.webp]
[pontodobicho.com/index.html]
[pontodobicho.com/_nuxt/entry.CuVTl20E.css]
[pontodobicho.com/_nuxt/swiper-vue.DCASaf05.css]
[pontodobicho.com/_nuxt/default.DbhWmUC3.css]
[pontodobicho.com/_nuxt/swiper-pagination.CWXTi6Zo.css]
[pontodobicho.com/_nuxt/index.9Mz9ZBvI.css]
[pontodobicho.com/entrar24c8.html]
[pontodobicho.com/_nuxt/index.DvKVyi08.css]
[pontodobicho.com/_nuxt/AnimalCard.BW47GPgu.css]
[pontodobicho.com/_nuxt/BiiMTg6l.js]
[pontodobicho.com/_nuxt/zsan4xwN.js]
[pontodobicho.com/_nuxt/CHg9LD-V.js]
[pontodobicho.com/_nuxt/CSysSGPk.js]
[pontodobicho.com/_nuxt/OYiExnqA.js]
[pontodobicho.com/_nuxt/B-SIl16A.js]
[pontodobicho.com/_nuxt/BmUQmrkO.js]
[pontodobicho.com/jogo-do-bicho.html]
[pontodobicho.com/_nuxt/BR_EgKw-.js]
[pontodobicho.com/_nuxt/Table.DGM5P1Fz.css]
[pontodobicho.com/_nuxt/DroCuHE6.js]
[pontodobicho.com/_nuxt/DC5tw3Oi.js]
[pontodobicho.com/_nuxt/BRIGW63G.js]
[pontodobicho.com/jogo-do-bicho/resultados.html]
[pontodobicho.com/_nuxt/O0eLau2T.js]
[pontodobicho.com/_nuxt/cotacao.v_6J3OkP.css]
[pontodobicho.com/jogo-do-bicho/cotacao.html]
[pontodobicho.com/_nuxt/m-2vVfmw.js]
[pontodobicho.com/_nuxt/O91Ry2GH.js]
[pontodobicho.com/_nuxt/gL7-F3v6.js]
[pontodobicho.com/entrar.html]
[pontodobicho.com/esqueci-minha-senha.html]
[pontodobicho.com/_nuxt/CuBATazA.js]
[pontodobicho.com/_nuxt/C6OpY4wG.js]
[pontodobicho.com/registrar.html]
[pontodobicho.com/entrare7cb.html]
[pontodobicho.com/entrar52d9.html]
[pontodobicho.com/_nuxt/BzALxwod.js]
[pontodobicho.com/suporte.html]
[pontodobicho.com/_nuxt/ChX57SDe.js]
[pontodobicho.com/_nuxt/ae_FkGM8.js]
[pontodobicho.com/cdn-cgi/l/email-protection.html]
[pontodobicho.com/termos-de-uso.html]
[pontodobicho.com/cdn-cgi/scripts/5c5dd728/cloudflare-static/email-decode.min.js]
[pontodobicho.com/politica-de-privacidade.html]
[pontodobicho.com/entrar24c8.html]
[pontodobicho.com/_nuxt/index.DvKVyi08.css]
[pontodobicho.com/_nuxt/AnimalCard.BW47GPgu.css]
[pontodobicho.com/_nuxt/Table.DGM5P1Fz.css]
[pontodobicho.com/_nuxt/cotacao.v_6J3OkP.css]
[pontodobicho.com/_nuxt/XT0KdB-j.js]
[pontodobicho.com/_nuxt/DMiOHh31.js]
[pontodobicho.com/esqueci-minha-senha.html]
[pontodobicho.com/cdn-cgi/l/email-protection.html]
[pontodobicho.com/_nuxt/fKaclN-_.js]
